// Jest Snapshot v1, https://goo.gl/fbAQLP

exports[`CLI help interface for 'agent web' should be expected english 1`] = `
"Usage: frodo agent web [options] [command]

Manage web agents.

Options:
  -h, --help  Help

Commands:
  delete      Delete web agents.
  describe    Describe web agents.
  export      Export web agents.
  help        display help for command
  import      Import web agents.
  list        List web agents.
"
`;
