// Jest Snapshot v1, https://goo.gl/fbAQLP

exports[`CLI help interface for 'conn list' should be expected english 1`] = `
"Usage: frodo conn list [options]

List connection profiles.

Options:
  -D, --directory <directory>          Set the working directory.
  --debug                              Debug output during command execution.
                                       If specified, may or may not produce
                                       additional output helpful for
                                       troubleshooting.
  --flush-cache                        Flush token cache.
  -h, --help                           Help
  --idm-host <idm-host>                IDM base URL, e.g.:
                                       https://cdk.idm.example.com/myidm. Use
                                       only if your IDM installation resides in
                                       a different domain and/or if the base
                                       path differs from the default
                                       "/openidm".
  -l, --long                           Long with all fields. (default: false)
  --login-client-id <client-id>        Specify a custom OAuth2 client id to use
                                       a your own oauth2 client for IDM API
                                       calls in deployments of type "cloud" or
                                       "forgeops". Your custom client must be
                                       configured as a public client and allow
                                       the authorization code grant using the
                                       "openid fr:idm:*" scope. Use the
                                       "--redirect-uri" parameter if you have
                                       configured a custom redirect uri
                                       (default:
                                       "<host>/platform/appAuthHelperRedirect.html").
  --login-redirect-uri <redirect-uri>  Specify a custom redirect URI to use
                                       with your custom OAuth2 client (efault:
                                       "<host>/platform/appAuthHelperRedirect.html").
  --no-cache                           Disable token cache for this operation.
  --sa-id <sa-id>                      Service account id.
  --sa-jwk-file <file>                 File containing the JSON Web Key (JWK)
                                       associated with the the service account.
  --verbose                            Verbose output during command execution.
                                       If specified, may or may not produce
                                       additional output.

Environment Variables:
  FRODO_HOST: AM base URL. Overridden by 'host' argument.
  FRODO_IDM_HOST: IDM base URL. Overridden by '--idm-host' option.
  FRODO_REALM: Realm. Overridden by 'realm' argument.
  FRODO_USERNAME: Username. Overridden by 'username' argument.
  FRODO_PASSWORD: Password. Overridden by 'password' argument.
  FRODO_LOGIN_CLIENT_ID: OAuth2 client id for IDM API calls. Overridden by '--login-client-id' option.
  FRODO_LOGIN_REDIRECT_URI: Redirect Uri for custom OAuth2 client id. Overridden by '--login-redirect-uri' option.
  FRODO_SA_ID: Service account uuid. Overridden by '--sa-id' option.
  FRODO_SA_JWK: Service account JWK. Overridden by '--sa-jwk-file' option but takes the actual JWK as a value, not a file name.
  FRODO_NO_CACHE: Disable token cache. Same as '--no-cache' option.
  FRODO_TOKEN_CACHE_PATH: Use this token cache file instead of '~/.frodo/TokenCache.json'.
  FRODO_CONNECTION_PROFILES_PATH: Use this connection profiles file instead of '~/.frodo/Connections.json'.
  FRODO_AUTHENTICATION_SERVICE: Name of a login journey to use.
  FRODO_DEBUG: Set to any value to enable debug output. Same as '--debug'.
  FRODO_MASTER_KEY_PATH: Use this master key file instead of '~/.frodo/masterkey.key' file.
  FRODO_MASTER_KEY: Use this master key instead of what's in '~/.frodo/masterkey.key'. Takes precedence over FRODO_MASTER_KEY_PATH.

"
`;
