// Jest Snapshot v1, https://goo.gl/fbAQLP

exports[`CLI help interface for 'esv apply' should be expected english 1`] = `
"Usage: frodo esv apply [options] [host] [username] [password]

Apply pending changes to secrets and variables. Applying pending changes
requires a restart of the AM and IDM pods and can take up to 10 minutes to
complete.

Arguments:
  host                         Access Management base URL, e.g.:
                               https://cdk.iam.example.com/am. To use a
                               connection profile, just specify a unique
                               substring.
  username                     Username to login with. Must be an admin user
                               with appropriate rights to manage authentication
                               journeys/trees.
  password                     Password.

Options:
  --check-only                 Check if updated need to be apply but don't
                               apply them. (default: false)
  --curlirize                  Output all network calls in curl format.
  -D, --directory <directory>  Set the working directory.
  --debug                      Debug output during command execution. If
                               specified, may or may not produce additional
                               output helpful for troubleshooting.
  --flush-cache                Flush token cache.
  --force                      Force restart of services if no updates are
                               found.
  -h, --help                   Help
  -k, --insecure               Allow insecure connections when using SSL/TLS.
                               Has no effect when using a network proxy for
                               https (HTTPS_PROXY=http://<host>:<port>), in
                               that case the proxy must provide this
                               capability. (default: Don't allow insecure
                               connections)
  -m, --type <type>            Override auto-detected deployment type. Valid
                               values for type:
                               classic:  A classic Access Management-only
                               deployment with custom layout and configuration.
  
                               cloud:    A ForgeRock Identity Cloud
                               environment.
                               forgeops: A ForgeOps CDK or CDM deployment.
                               The detected or provided deployment type
                               controls certain behavior like obtaining an
                               Identity Management admin token or not and
                               whether to export/import referenced email
                               templates or how to walk through the tenant
                               admin login flow of Identity Cloud and handle
                               MFA (choices: "classic", "cloud", "forgeops")
  --no-cache                   Disable token cache for this operation.
  --no-wait                    Don't wait for the updates to finish applying.
  --sa-id <sa-id>              Service account id.
  --sa-jwk-file <file>         File containing the JSON Web Key (JWK)
                               associated with the the service account.
  --timeout <seconds>          Specify a timeout in seconds how long the tool
                               should wait for the apply command to finish.
                               Only effective without --no-wait. (default: 600
                               secs (10 mins))
  --verbose                    Verbose output during command execution. If
                               specified, may or may not produce additional
                               output.
  -y, --yes                    Answer y/yes to all prompts.

Environment Variables:
  FRODO_HOST: Access Management base URL. Overrides 'host' argument.
  FRODO_REALM: Realm. Overrides 'realm' argument.
  FRODO_USERNAME: Username. Overrides 'username' argument.
  FRODO_PASSWORD: Password. Overrides 'password' argument.
  FRODO_SA_ID: Service account uuid. Overrides '--sa-id' option.
  FRODO_SA_JWK: Service account JWK. Overrides '--sa-jwk-file' option but takes the actual JWK as a value, not a file name.
  FRODO_NO_CACHE: Disable token cache. Same as '--no-cache' option.
  FRODO_TOKEN_CACHE_PATH: Use this token cache file instead of '~/.frodo/TokenCache.json'.
  FRODO_CONNECTION_PROFILES_PATH: Use this connection profiles file instead of '~/.frodo/Connections.json'.
  FRODO_AUTHENTICATION_SERVICE: Name of a login journey to use.
  FRODO_DEBUG: Set to any value to enable debug output. Same as '--debug'.
  FRODO_MASTER_KEY_PATH: Use this master key file instead of '~/.frodo/masterkey.key' file.
  FRODO_MASTER_KEY: Use this master key instead of what's in '~/.frodo/masterkey.key'. Takes precedence over FRODO_MASTER_KEY_PATH.

"
`;
