// Jest Snapshot v1, https://goo.gl/fbAQLP

exports[`CLI help interface for 'oauth' should be expected english 1`] = `
"Usage: frodo oauth [options] [command]

Manage OAuth2 clients and providers.

Options:
  -h, --help  Help

Commands:
  client      Manage OAuth2 clients.
  help        display help for command
"
`;
