// Jest Snapshot v1, https://goo.gl/fbAQLP

exports[`frodo authz type import "frodo authz type import --all --file test/e2e/exports/all/allAlphaResourceTypes.resourcetype.authz.json": should import all resource types from the file "test/e2e/exports/all/allAlphaResourceTypes.resourcetype.authz.json" 1`] = `""`;

exports[`frodo authz type import "frodo authz type import --all-separate": should import all resource types from the current directory" 1`] = `""`;

exports[`frodo authz type import "frodo authz type import --file test/e2e/exports/all/allAlphaResourceTypes.resourcetype.authz.json": should import the first resource type from the file "test/e2e/exports/all/allAlphaResourceTypes.resourcetype.authz.json" 1`] = `""`;

exports[`frodo authz type import "frodo authz type import --type-id 76656a38-5f8e-401b-83aa-4ccb74ce88d2 --file test/e2e/exports/all/allAlphaResourceTypes.resourcetype.authz.json": should import the resource type with the id "76656a38-5f8e-401b-83aa-4ccb74ce88d2" from the file "test/e2e/exports/all/allAlphaResourceTypes.resourcetype.authz.json" 1`] = `""`;

exports[`frodo authz type import "frodo authz type import --type-name URL --file test/e2e/exports/all/allAlphaResourceTypes.resourcetype.authz.json": should import the resource with the name "URL" from the file "test/e2e/exports/all/allAlphaResourceTypes.resourcetype.authz.json" 1`] = `""`;

exports[`frodo authz type import "frodo authz type import -A": should import all resource types from the current directory" 1`] = `""`;

exports[`frodo authz type import "frodo authz type import -af test/e2e/exports/all/allAlphaResourceTypes.resourcetype.authz.json": should import all resource types from the file "test/e2e/exports/all/allAlphaResourceTypes.resourcetype.authz.json" 1`] = `""`;

exports[`frodo authz type import "frodo authz type import -f test/e2e/exports/all/allAlphaResourceTypes.resourcetype.authz.json": should import the first resource type from the file "test/e2e/exports/all/allAlphaResourceTypes.resourcetype.authz.json" 1`] = `""`;

exports[`frodo authz type import "frodo authz type import -i 76656a38-5f8e-401b-83aa-4ccb74ce88d2 -f test/e2e/exports/all/allAlphaResourceTypes.resourcetype.authz.json": should import the resource type with the id "76656a38-5f8e-401b-83aa-4ccb74ce88d2" from the file "test/e2e/exports/all/allAlphaResourceTypes.resourcetype.authz.json" 1`] = `""`;

exports[`frodo authz type import "frodo authz type import -n URL -f test/e2e/exports/all/allAlphaResourceTypes.resourcetype.authz.json": should import the resource type with the name "URL" from the file "test/e2e/exports/all/allAlphaResourceTypes.resourcetype.authz.json" 1`] = `""`;
