// Jest Snapshot v1, https://goo.gl/fbAQLP

exports[`frodo authz type describe "frodo authz type describe --type-id 76656a38-5f8e-401b-83aa-4ccb74ce88d2": should describe the 76656a38-5f8e-401b-83aa-4ccb74ce88d2 resource type 1`] = `
"uuid            │76656a38-5f8e-401b-83aa-4ccb74ce88d2                        
name            │URL                                                         
description     │The built-in URL Resource Type available to OpenAMPolicies. 
createdBy       │id=dsameuser,ou=user,ou=am-config                           
creationDate    │1595479030487                                               
lastModifiedBy  │id=b672336b-41ef-428d-ae4a-e0c082875377,ou=user,ou=am-config
lastModifiedDate│1694717661706                                               
                │                                                            
  patterns      │                                                            
               0│*://*:*/*                                                   
               1│*://*:*/*?*                                                 
                │                                                            
  actions       │                                                            
            HEAD│true                                                        
          DELETE│true                                                        
            POST│true                                                        
             GET│true                                                        
         OPTIONS│true                                                        
             PUT│true                                                        
           PATCH│true                                                        
"
`;

exports[`frodo authz type describe "frodo authz type describe --type-name URL": should describe the URL resource type 1`] = `
"uuid            │76656a38-5f8e-401b-83aa-4ccb74ce88d2                        
name            │URL                                                         
description     │The built-in URL Resource Type available to OpenAMPolicies. 
createdBy       │id=dsameuser,ou=user,ou=am-config                           
creationDate    │1595479030487                                               
lastModifiedBy  │id=b672336b-41ef-428d-ae4a-e0c082875377,ou=user,ou=am-config
lastModifiedDate│1694717661706                                               
                │                                                            
  patterns      │                                                            
               0│*://*:*/*                                                   
               1│*://*:*/*?*                                                 
                │                                                            
  actions       │                                                            
            HEAD│true                                                        
          DELETE│true                                                        
            POST│true                                                        
             GET│true                                                        
         OPTIONS│true                                                        
             PUT│true                                                        
           PATCH│true                                                        
"
`;

exports[`frodo authz type describe "frodo authz type describe -i 76656a38-5f8e-401b-83aa-4ccb74ce88d2 --json": should describe the 76656a38-5f8e-401b-83aa-4ccb74ce88d2 resource type in json 1`] = `
"{
  uuid: '76656a38-5f8e-401b-83aa-4ccb74ce88d2',
  name: 'URL',
  description: 'The built-in URL Resource Type available to OpenAMPolicies.',
  patterns: [ '*://*:*/*', '*://*:*/*?*' ],
  actions: {
    HEAD: true,
    DELETE: true,
    POST: true,
    GET: true,
    OPTIONS: true,
    PUT: true,
    PATCH: true
  },
  createdBy: 'id=dsameuser,ou=user,ou=am-config',
  creationDate: 1595479030487,
  lastModifiedBy: 'id=b672336b-41ef-428d-ae4a-e0c082875377,ou=user,ou=am-config',
  lastModifiedDate: 1694717661706
}
"
`;

exports[`frodo authz type describe "frodo authz type describe -i 76656a38-5f8e-401b-83aa-4ccb74ce88d2": should describe the 76656a38-5f8e-401b-83aa-4ccb74ce88d2 resource type 1`] = `
"uuid            │76656a38-5f8e-401b-83aa-4ccb74ce88d2                        
name            │URL                                                         
description     │The built-in URL Resource Type available to OpenAMPolicies. 
createdBy       │id=dsameuser,ou=user,ou=am-config                           
creationDate    │1595479030487                                               
lastModifiedBy  │id=b672336b-41ef-428d-ae4a-e0c082875377,ou=user,ou=am-config
lastModifiedDate│1694717661706                                               
                │                                                            
  patterns      │                                                            
               0│*://*:*/*                                                   
               1│*://*:*/*?*                                                 
                │                                                            
  actions       │                                                            
            HEAD│true                                                        
          DELETE│true                                                        
            POST│true                                                        
             GET│true                                                        
         OPTIONS│true                                                        
             PUT│true                                                        
           PATCH│true                                                        
"
`;

exports[`frodo authz type describe "frodo authz type describe -n URL --json": should describe the URL resource type in json 1`] = `
"{
  uuid: '76656a38-5f8e-401b-83aa-4ccb74ce88d2',
  name: 'URL',
  description: 'The built-in URL Resource Type available to OpenAMPolicies.',
  patterns: [ '*://*:*/*', '*://*:*/*?*' ],
  actions: {
    HEAD: true,
    DELETE: true,
    POST: true,
    GET: true,
    OPTIONS: true,
    PUT: true,
    PATCH: true
  },
  createdBy: 'id=dsameuser,ou=user,ou=am-config',
  creationDate: 1595479030487,
  lastModifiedBy: 'id=b672336b-41ef-428d-ae4a-e0c082875377,ou=user,ou=am-config',
  lastModifiedDate: 1694717661706
}
"
`;

exports[`frodo authz type describe "frodo authz type describe -n URL": should describe the URL resource type 1`] = `
"uuid            │76656a38-5f8e-401b-83aa-4ccb74ce88d2                        
name            │URL                                                         
description     │The built-in URL Resource Type available to OpenAMPolicies. 
createdBy       │id=dsameuser,ou=user,ou=am-config                           
creationDate    │1595479030487                                               
lastModifiedBy  │id=b672336b-41ef-428d-ae4a-e0c082875377,ou=user,ou=am-config
lastModifiedDate│1694717661706                                               
                │                                                            
  patterns      │                                                            
               0│*://*:*/*                                                   
               1│*://*:*/*?*                                                 
                │                                                            
  actions       │                                                            
            HEAD│true                                                        
          DELETE│true                                                        
            POST│true                                                        
             GET│true                                                        
         OPTIONS│true                                                        
             PUT│true                                                        
           PATCH│true                                                        
"
`;
