// Jest Snapshot v1, https://goo.gl/fbAQLP

exports[`frodo esv variable list "frodo esv variable list --usage --long --directory test/e2e/exports/all-separate/everything": should list the ids, values, statuses, descriptions, modifiers, usage, and modified times of the esv variables in the test/e2e/exports/all-separate/everything directory 1`] = `
"Id                         │Value                          │Status│Description                            │Modifier                            │Modified (UTC)               │Used                                                                                
esv-test-variable-belphegor│1000000000000066600000000000001│loaded│A test variable containing belphegor's │1e9280f6-eab6-467e-889c-83d147c8b936│Thu, 14 Dec 2023 15:31:06 GMT│no                                                                                  
                           │                               │      │palindromic prime number (as a string).│                                    │                             │                                                                                    
esv-test-variable-light    │299792458                      │loaded│Test variable containing the speed of  │1e9280f6-eab6-467e-889c-83d147c8b936│Thu, 14 Dec 2023 15:34:13 GMT│yes (at script.59f84396-71e4-4c1d-a6ae-c4fc624d9752(name: 'Test-Script-1').script.1)
                           │                               │      │light in meters per second (as an int).│                                    │                             │                                                                                    
"
`;

exports[`frodo esv variable list "frodo esv variable list --usage --long --file test/e2e/exports/all/Alpha.everything.json": should list the ids, values, statuses, descriptions, modifiers, usage, and modified times of the esv variables in the Alpha.everything.json file 1`] = `
"Id                         │Value                          │Status│Description                            │Modifier                            │Modified (UTC)               │Used                                                                                
esv-test-variable-belphegor│1000000000000066600000000000001│loaded│A test variable containing belphegor's │1e9280f6-eab6-467e-889c-83d147c8b936│Thu, 14 Dec 2023 15:31:06 GMT│no                                                                                  
                           │                               │      │palindromic prime number (as a string).│                                    │                             │                                                                                    
esv-test-variable-light    │299792458                      │loaded│Test variable containing the speed of  │1e9280f6-eab6-467e-889c-83d147c8b936│Thu, 14 Dec 2023 15:34:13 GMT│yes (at script.59f84396-71e4-4c1d-a6ae-c4fc624d9752(name: 'Test-Script-1').script.1)
                           │                               │      │light in meters per second (as an int).│                                    │                             │                                                                                    
"
`;

exports[`frodo esv variable list "frodo esv variable list -l": should list the ids, values, statuses, descriptions, modifiers, and modified times of the esv variables 1`] = `
"Id                         │Value                          │Status│Description                            │Modifier                            │Modified (UTC)               
esv-test-variable-belphegor│1000000000000066600000000000001│loaded│A test variable containing belphegor's │1e9280f6-eab6-467e-889c-83d147c8b936│Thu, 14 Dec 2023 15:31:06 GMT
                           │                               │      │palindromic prime number (as a string).│                                    │                             
esv-test-variable-light    │299792458                      │loaded│Test variable containing the speed of  │1e9280f6-eab6-467e-889c-83d147c8b936│Thu, 14 Dec 2023 15:34:13 GMT
                           │                               │      │light in meters per second (as an int).│                                    │                             
"
`;

exports[`frodo esv variable list "frodo esv variable list -lu": should list the ids, values, statuses, descriptions, modifiers, usage, and modified times of the esv variables 1`] = `
"Id                         │Value                          │Status│Description                            │Modifier                            │Modified (UTC)               │Used                                                                                
esv-test-variable-belphegor│1000000000000066600000000000001│loaded│A test variable containing belphegor's │1e9280f6-eab6-467e-889c-83d147c8b936│Thu, 14 Dec 2023 15:31:06 GMT│no                                                                                  
                           │                               │      │palindromic prime number (as a string).│                                    │                             │                                                                                    
esv-test-variable-light    │299792458                      │loaded│Test variable containing the speed of  │1e9280f6-eab6-467e-889c-83d147c8b936│Thu, 14 Dec 2023 15:34:13 GMT│yes (at script.59f84396-71e4-4c1d-a6ae-c4fc624d9752(name: 'Test-Script-1').script.1)
                           │                               │      │light in meters per second (as an int).│                                    │                             │                                                                                    
"
`;

exports[`frodo esv variable list "frodo esv variable list -u": should list the usage of the esv variables 1`] = `
"Id                         │Used                                                                                
esv-test-variable-belphegor│no                                                                                  
esv-test-variable-light    │yes (at script.59f84396-71e4-4c1d-a6ae-c4fc624d9752(name: 'Test-Script-1').script.1)
"
`;

exports[`frodo esv variable list "frodo esv variable list -uD test/e2e/exports/all-separate/everything": should list the usage of the esv variables in the test/e2e/exports/all-separate/everything directory 1`] = `
"Id                         │Used                                                                                
esv-test-variable-belphegor│no                                                                                  
esv-test-variable-light    │yes (at script.59f84396-71e4-4c1d-a6ae-c4fc624d9752(name: 'Test-Script-1').script.1)
"
`;

exports[`frodo esv variable list "frodo esv variable list -uf test/e2e/exports/all/Alpha.everything.json": should list the usage of the esv variables in the Alpha.everything.json file 1`] = `
"Id                         │Used                                                                                
esv-test-variable-belphegor│no                                                                                  
esv-test-variable-light    │yes (at script.59f84396-71e4-4c1d-a6ae-c4fc624d9752(name: 'Test-Script-1').script.1)
"
`;

exports[`frodo esv variable list "frodo esv variable list": should list the ids of the esv variables 1`] = `
"esv-test-variable-belphegor
esv-test-variable-light
"
`;
