// Jest Snapshot v1, https://goo.gl/fbAQLP

exports[`frodo esv secret version delete "frodo esv secret version delete --secret-id esv-test-secret-pi-generic --version 4": should display error when deleting non-existent version 4 of the "esv-test-var-pi-generic" secret 1`] = `
"Connected to https://openam-frodo-dev.forgeblocks.com/am [alpha] as service account Frodo-SA-1701807230743 [b672336b-41ef-428d-ae4a-e0c082875377]
- Deleting version 4 of secret esv-test-secret-pi-generic...
âœ– Error deleting version 4 of secret esv-test-secret-pi-generic
HTTP client error
  Code: ERR_BAD_RESPONSE
  Status: 500
  Message: Failed to delete secret version
"
`;

exports[`frodo esv secret version delete "frodo esv secret version delete -i esv-test-secret-pi-generic -v 2": should delete version 2 of the "esv-test-var-pi-generic" secret 1`] = `""`;
