// Jest Snapshot v1, https://goo.gl/fbAQLP

exports[`frodo esv secret version create "frodo esv secret version create -i esv-test-secret-pi-generic --value "3.1"": should create a new version of the "esv-test-var-pi-generic" secret 1`] = `""`;
