// Jest Snapshot v1, https://goo.gl/fbAQLP

exports[`frodo esv secret version activate "frodo esv secret version activate --secret-id esv-test-secret-pi-generic --version 2": should do nothing special when activating version 2 of the secret "esv-test-secret-pi-generic", which is the latest and already activated version 1`] = `
"Connected to https://openam-frodo-dev.forgeblocks.com/am [alpha] as service account Frodo-SA-1701807230743 [b672336b-41ef-428d-ae4a-e0c082875377]
- Activating version 2 of secret esv-test-secret-pi-generic...
âœ” Activated version 2 of secret esv-test-secret-pi-generic
"
`;

exports[`frodo esv secret version activate "frodo esv secret version activate -i esv-test-secret-pi-generic -v 1": should activate version 1 of the secret "esv-test-secret-pi-generic" 1`] = `""`;
