// Jest Snapshot v1, https://goo.gl/fbAQLP

exports[`frodo idp import "frodo idp import --all --file test/e2e/exports/all/allAlphaProviders.idp.json": should import all idps from the file "test/e2e/exports/all/allAlphaProviders.idp.json" 1`] = `""`;

exports[`frodo idp import "frodo idp import --all-separate": should import all idps from the current directory" 1`] = `""`;

exports[`frodo idp import "frodo idp import --file test/e2e/exports/all/allAlphaProviders.idp.json": should import the first idp from the file "test/e2e/exports/all/allAlphaProviders.idp.json" 1`] = `""`;

exports[`frodo idp import "frodo idp import --idp-id google --file test/e2e/exports/all/allAlphaProviders.idp.json": should import the idp with the id "google" from the file "test/e2e/exports/all/allAlphaProviders.idp.json" 1`] = `""`;

exports[`frodo idp import "frodo idp import -A": should import all idps from the current directory" 1`] = `""`;

exports[`frodo idp import "frodo idp import -af test/e2e/exports/all/allAlphaProviders.idp.json": should import all idps from the file "test/e2e/exports/all/allAlphaProviders.idp.json" 1`] = `""`;

exports[`frodo idp import "frodo idp import -f test/e2e/exports/all/allAlphaProviders.idp.json": should import the first idp from the file "test/e2e/exports/all/allAlphaProviders.idp.json" 1`] = `""`;

exports[`frodo idp import "frodo idp import -i google -f test/e2e/exports/all/allAlphaProviders.idp.json": should import the idp with the id "google" from the file "test/e2e/exports/all/allAlphaProviders.idp.json" 1`] = `""`;
