// Jest Snapshot v1, https://goo.gl/fbAQLP

exports[`frodo journey disable "frodo journey disable --journey-id j10": should do nothing special when disabling the journey with id "j10" when it is already disabled 1`] = `
"Connected to https://openam-frodo-dev.forgeblocks.com/am [alpha] as service account Frodo-SA-1701807230743 [b672336b-41ef-428d-ae4a-e0c082875377]
- Disabling journey j10...
âœ” Disabled journey j10.
"
`;

exports[`frodo journey disable "frodo journey disable -i j10": should disable the journey with id "j10" 1`] = `""`;
